Loaded configuration file: /projects/MULTIMOD/PermaData/dit-kevin/tests/../dit_flow/dit_widget/tests/test_config.yml
Setup logging into: ./test.log with level: 10
Setting up file manager widget
Setting up reader widget: read_csv_file
Setting up variable mapper widget
Setting up writer widget: write_csv_file
Loaded configuration file: /projects/MULTIMOD/PermaData/dit-kevin/tests/../dit_flow/dit_widget/tests/test_config.yml
Setup logging into: ./test.log with level: 10
Setting up file manager widget
Setting up reader widget: read_csv_file
Setting up variable mapper widget
Setting up writer widget: write_csv_file
Reading file: /tmp/pytest-of-schaefek/pytest-1082/test_read_input_data0/input/data_file
Reading file: /tmp/pytest-of-schaefek/pytest-1082/test_read_input_data0/input/data_file
Loaded configuration file: /projects/MULTIMOD/PermaData/dit-kevin/tests/../dit_flow/dit_widget/tests/test_config.yml
Loaded configuration file: /projects/MULTIMOD/PermaData/dit-kevin/tests/../dit_flow/dit_widget/tests/test_config.yml
Setup logging into: ./test.log with level: 10
Setup logging into: ./test.log with level: 10
Widgets to be run:
Widgets to be run:
	widget_template
	widget_template
No with header flag specified for widget.
No with header flag specified for widget.
Loaded configuration file: /projects/MULTIMOD/PermaData/dit-kevin/tests/../dit_flow/dit_widget/tests/test_config.yml
Loaded configuration file: /projects/MULTIMOD/PermaData/dit-kevin/tests/../dit_flow/dit_widget/tests/test_config.yml
Setup logging into: ./test.log with level: 10
Setup logging into: ./test.log with level: 10
Widgets to be run:
Widgets to be run:
	widget_template
	widget_template
	math_add_constant
	math_add_constant
	widget_template
	widget_template
No with header flag specified for widget.
No with header flag specified for widget.
Loaded configuration file: /projects/MULTIMOD/PermaData/dit-kevin/tests/../dit_flow/dit_widget/tests/test_config.yml
Loaded configuration file: /projects/MULTIMOD/PermaData/dit-kevin/tests/../dit_flow/dit_widget/tests/test_config.yml
Setup logging into: ./test.log with level: 10
Setup logging into: ./test.log with level: 10
Subsetting columns with headers: [1, 3]
Subsetting columns with headers: [1, 3]
Loaded configuration file: /projects/MULTIMOD/PermaData/dit-kevin/tests/../dit_flow/dit_widget/tests/test_config.yml
Loaded configuration file: /projects/MULTIMOD/PermaData/dit-kevin/tests/../dit_flow/dit_widget/tests/test_config.yml
Setup logging into: ./test.log with level: 10
Setup logging into: ./test.log with level: 10
Subsetting columns without headers: [1, 3]
Subsetting columns without headers: [1, 3]
Loaded configuration file: /projects/MULTIMOD/PermaData/dit-kevin/tests/../dit_flow/dit_widget/tests/test_config.yml
Loaded configuration file: /projects/MULTIMOD/PermaData/dit-kevin/tests/../dit_flow/dit_widget/tests/test_config.yml
Setup logging into: ./test.log with level: 10
Setup logging into: ./test.log with level: 10
Subsetting columns with headers: [1]
Subsetting columns with headers: [1]
Loaded configuration file: /projects/MULTIMOD/PermaData/dit-kevin/tests/../dit_flow/dit_widget/tests/test_config.yml
Loaded configuration file: /projects/MULTIMOD/PermaData/dit-kevin/tests/../dit_flow/dit_widget/tests/test_config.yml
Setup logging into: ./test.log with level: 10
Setup logging into: ./test.log with level: 10
Subsetting columns with headers: [1, 2, 3, 4]
Subsetting columns with headers: [1, 2, 3, 4]
Loaded configuration file: /projects/MULTIMOD/PermaData/dit-kevin/tests/../dit_flow/dit_widget/tests/test_config.yml
Loaded configuration file: /projects/MULTIMOD/PermaData/dit-kevin/tests/../dit_flow/dit_widget/tests/test_config.yml
Setup logging into: ./test.log with level: 10
Setup logging into: ./test.log with level: 10
Subsetting columns without headers: [1, 2, 3, 4]
Subsetting columns without headers: [1, 2, 3, 4]
Loaded configuration file: /projects/MULTIMOD/PermaData/dit-kevin/tests/../dit_flow/dit_widget/tests/test_config.yml
Loaded configuration file: /projects/MULTIMOD/PermaData/dit-kevin/tests/../dit_flow/dit_widget/tests/test_config.yml
Setup logging into: ./test.log with level: 10
Setup logging into: ./test.log with level: 10
Loaded configuration file: /projects/MULTIMOD/PermaData/dit-kevin/tests/../dit_flow/dit_widget/tests/test_config.yml
Loaded configuration file: /projects/MULTIMOD/PermaData/dit-kevin/tests/../dit_flow/dit_widget/tests/test_config.yml
Setup logging into: ./test.log with level: 10
Setup logging into: ./test.log with level: 10
Loaded configuration file: /projects/MULTIMOD/PermaData/dit-kevin/tests/../dit_flow/dit_widget/tests/test_config.yml
Loaded configuration file: /projects/MULTIMOD/PermaData/dit-kevin/tests/../dit_flow/dit_widget/tests/test_config.yml
Setup logging into: ./test.log with level: 10
Setup logging into: ./test.log with level: 10
Loaded configuration file: /projects/MULTIMOD/PermaData/dit-kevin/tests/../dit_flow/dit_widget/tests/test_config.yml
Loaded configuration file: /projects/MULTIMOD/PermaData/dit-kevin/tests/../dit_flow/dit_widget/tests/test_config.yml
Setup logging into: ./test.log with level: 10
Setup logging into: ./test.log with level: 10
Loaded configuration file: /projects/MULTIMOD/PermaData/dit-kevin/tests/../dit_flow/dit_widget/tests/test_config.yml
Loaded configuration file: /projects/MULTIMOD/PermaData/dit-kevin/tests/../dit_flow/dit_widget/tests/test_config.yml
Setup logging into: ./test.log with level: 10
Setup logging into: ./test.log with level: 10
Setting up file manager widget
Setting up file manager widget
Setting up reader widget: read_csv_file
Setting up reader widget: read_csv_file
Setting up variable mapper widget
Setting up variable mapper widget
Setting up writer widget: write_csv_file
Setting up writer widget: write_csv_file
Writing data to file: /projects/MULTIMOD/PermaData/dit-kevin/tests/data_file
Writing data to file: /projects/MULTIMOD/PermaData/dit-kevin/tests/data_file
Loaded configuration file: /projects/MULTIMOD/PermaData/dit-kevin/tests/../dit_flow/dit_widget/tests/test_config.yml
Setup logging into: ./test.log with level: 10
Setting up file manager widget
Setting up reader widget: read_csv_file
Setting up variable mapper widget
Setting up writer widget: write_csv_file
Loaded configuration file: /projects/MULTIMOD/PermaData/dit-kevin/tests/../dit_flow/dit_widget/tests/test_config.yml
Setup logging into: ./test.log with level: 10
Setting up file manager widget
Setting up reader widget: read_csv_file
Setting up variable mapper widget
Setting up writer widget: write_csv_file
Reading file: /tmp/pytest-of-jewe8680/pytest-130/test_read_input_data0/input/data_file
Reading file: /tmp/pytest-of-jewe8680/pytest-130/test_read_input_data0/input/data_file
Loaded configuration file: /projects/MULTIMOD/PermaData/dit-kevin/tests/../dit_flow/dit_widget/tests/test_config.yml
Loaded configuration file: /projects/MULTIMOD/PermaData/dit-kevin/tests/../dit_flow/dit_widget/tests/test_config.yml
Setup logging into: ./test.log with level: 10
Setup logging into: ./test.log with level: 10
Widgets to be run:
Widgets to be run:
	widget_template
	widget_template
No with header flag specified for widget.
No with header flag specified for widget.
Loaded configuration file: /projects/MULTIMOD/PermaData/dit-kevin/tests/../dit_flow/dit_widget/tests/test_config.yml
Loaded configuration file: /projects/MULTIMOD/PermaData/dit-kevin/tests/../dit_flow/dit_widget/tests/test_config.yml
Setup logging into: ./test.log with level: 10
Setup logging into: ./test.log with level: 10
Widgets to be run:
Widgets to be run:
	widget_template
	widget_template
	math_add_constant
	math_add_constant
	widget_template
	widget_template
No with header flag specified for widget.
No with header flag specified for widget.
Loaded configuration file: /projects/MULTIMOD/PermaData/dit-kevin/tests/../dit_flow/dit_widget/tests/test_config.yml
Loaded configuration file: /projects/MULTIMOD/PermaData/dit-kevin/tests/../dit_flow/dit_widget/tests/test_config.yml
Setup logging into: ./test.log with level: 10
Setup logging into: ./test.log with level: 10
Subsetting columns with headers: [1, 3]
Subsetting columns with headers: [1, 3]
Loaded configuration file: /projects/MULTIMOD/PermaData/dit-kevin/tests/../dit_flow/dit_widget/tests/test_config.yml
Loaded configuration file: /projects/MULTIMOD/PermaData/dit-kevin/tests/../dit_flow/dit_widget/tests/test_config.yml
Setup logging into: ./test.log with level: 10
Setup logging into: ./test.log with level: 10
Subsetting columns without headers: [1, 3]
Subsetting columns without headers: [1, 3]
Loaded configuration file: /projects/MULTIMOD/PermaData/dit-kevin/tests/../dit_flow/dit_widget/tests/test_config.yml
Loaded configuration file: /projects/MULTIMOD/PermaData/dit-kevin/tests/../dit_flow/dit_widget/tests/test_config.yml
Setup logging into: ./test.log with level: 10
Setup logging into: ./test.log with level: 10
Subsetting columns with headers: [1]
Subsetting columns with headers: [1]
Loaded configuration file: /projects/MULTIMOD/PermaData/dit-kevin/tests/../dit_flow/dit_widget/tests/test_config.yml
Loaded configuration file: /projects/MULTIMOD/PermaData/dit-kevin/tests/../dit_flow/dit_widget/tests/test_config.yml
Setup logging into: ./test.log with level: 10
Setup logging into: ./test.log with level: 10
Subsetting columns with headers: [1, 2, 3, 4]
Subsetting columns with headers: [1, 2, 3, 4]
Loaded configuration file: /projects/MULTIMOD/PermaData/dit-kevin/tests/../dit_flow/dit_widget/tests/test_config.yml
Loaded configuration file: /projects/MULTIMOD/PermaData/dit-kevin/tests/../dit_flow/dit_widget/tests/test_config.yml
Setup logging into: ./test.log with level: 10
Setup logging into: ./test.log with level: 10
Subsetting columns without headers: [1, 2, 3, 4]
Subsetting columns without headers: [1, 2, 3, 4]
Loaded configuration file: /projects/MULTIMOD/PermaData/dit-kevin/tests/../dit_flow/dit_widget/tests/test_config.yml
Loaded configuration file: /projects/MULTIMOD/PermaData/dit-kevin/tests/../dit_flow/dit_widget/tests/test_config.yml
Setup logging into: ./test.log with level: 10
Setup logging into: ./test.log with level: 10
Loaded configuration file: /projects/MULTIMOD/PermaData/dit-kevin/tests/../dit_flow/dit_widget/tests/test_config.yml
Loaded configuration file: /projects/MULTIMOD/PermaData/dit-kevin/tests/../dit_flow/dit_widget/tests/test_config.yml
Setup logging into: ./test.log with level: 10
Setup logging into: ./test.log with level: 10
Loaded configuration file: /projects/MULTIMOD/PermaData/dit-kevin/tests/../dit_flow/dit_widget/tests/test_config.yml
Loaded configuration file: /projects/MULTIMOD/PermaData/dit-kevin/tests/../dit_flow/dit_widget/tests/test_config.yml
Setup logging into: ./test.log with level: 10
Setup logging into: ./test.log with level: 10
Loaded configuration file: /projects/MULTIMOD/PermaData/dit-kevin/tests/../dit_flow/dit_widget/tests/test_config.yml
Loaded configuration file: /projects/MULTIMOD/PermaData/dit-kevin/tests/../dit_flow/dit_widget/tests/test_config.yml
Setup logging into: ./test.log with level: 10
Setup logging into: ./test.log with level: 10
Loaded configuration file: /projects/MULTIMOD/PermaData/dit-kevin/tests/../dit_flow/dit_widget/tests/test_config.yml
Loaded configuration file: /projects/MULTIMOD/PermaData/dit-kevin/tests/../dit_flow/dit_widget/tests/test_config.yml
Setup logging into: ./test.log with level: 10
Setup logging into: ./test.log with level: 10
Setting up file manager widget
Setting up file manager widget
Setting up reader widget: read_csv_file
Setting up reader widget: read_csv_file
Setting up variable mapper widget
Setting up variable mapper widget
Setting up writer widget: write_csv_file
Setting up writer widget: write_csv_file
Writing data to file: /projects/MULTIMOD/PermaData/dit-kevin/tests/data_file
Writing data to file: /projects/MULTIMOD/PermaData/dit-kevin/tests/data_file
